../Core/Src/rtc.c:30:6:MX_RTC_Init	8	static
../Core/Src/rtc.c:60:6:HAL_RTC_MspInit	24	static,ignoring_inline_asm
../Core/Src/rtc.c:76:6:HAL_RTC_MspDeInit	24	static,ignoring_inline_asm
../Core/Src/rtc.c:96:6:setRTC	40	static
../Core/Src/rtc.c:126:6:readRTC	56	static
../Core/Src/rtc.c:168:9:DecimalToBCD	16	static
../Core/Src/rtc.c:171:9:BCDToDecimal	16	static
../Core/Src/rtc.c:175:6:DS1307_SetDate	40	static
../Core/Src/rtc.c:189:6:DS1307_SetTime	32	static
../Core/Src/rtc.c:203:6:DS1307_GetTime	40	static
../Core/Src/rtc.c:219:6:DS1307_GetDate	40	static
